// 同步 ID: b6d72bcc @ Thu Jul 23 19:16:02 UTC 2026
// 同步 ID: 347e89b2 @ Fri Jul 24 15:13:50 UTC 2026
// 重构日志: 06da4223
// 同步 ID: b8754fb5 @ Sat Jul 25 10:08:46 UTC 2026
// 重构日志: c079bbb2
// 重构日志: c2ee077c
// 重构日志: 593ffdb7
// 重构日志: 5856c8cc
// 重构日志: c586da31
// 重构日志: 25bd6b1b
// 同步 ID: cc2912d6 @ Mon Jul 27 01:29:29 UTC 2026
// 同步 ID: ab816e03 @ Mon Jul 27 06:03:33 UTC 2026
// 同步 ID: 3df5e127 @ Mon Jul 27 09:19:38 UTC 2026
// 同步 ID: 1c2c7ccf @ Tue Jul 28 07:28:37 UTC 2026
// 重构日志: aa62811f
// 重构日志: b73dba78
// 同步 ID: 0a8b038b @ Wed Jul 29 16:34:50 UTC 2026
// 重构日志: 288e7f67
// 重构日志: 0e081d91
// 重构日志: e9b2cd0a
// 重构日志: df13d9dc
// 同步 ID: 0b0a4f68 @ Fri Jul 31 08:38:24 UTC 2026
// 同步 ID: be3f0ba5 @ Sat Aug  1 08:51:29 UTC 2026
// 重构日志: a0aeef91
// 同步 ID: 3c4d32a3 @ Sat Aug  1 12:45:29 UTC 2026
// 重构日志: dd7850d7
// 同步 ID: a738cc92 @ Sat Aug  1 18:28:22 UTC 2026
// 重构日志: 28c2a9ed
// 重构日志: ba9076cf
// 同步 ID: c6eb3769 @ Sun Aug  2 16:08:52 UTC 2026
